<?xml version="1.0"?>
<link_info>
   <banner>TMS320C2000 Linker PC v15.12.1.LTS</banner>
   <copyright>Copyright (c) 1996-2015 Texas Instruments Incorporated</copyright>
   <link_time>0x575e15ef</link_time>
   <link_errors>0x0</link_errors>
   <output_file>cpu_timers_cpu01.out</output_file>
   <entry_point>
      <name>_c_int00</name>
      <address>0x83d5c</address>
   </entry_point>
   <input_file_list>
      <input_file id="fl-2">
         <path>.\</path>
         <kind>object</kind>
         <file>F2837xS_CodeStartBranch.obj</file>
         <name>F2837xS_CodeStartBranch.obj</name>
      </input_file>
      <input_file id="fl-3">
         <path>.\</path>
         <kind>object</kind>
         <file>F2837xS_CpuTimers.obj</file>
         <name>F2837xS_CpuTimers.obj</name>
      </input_file>
      <input_file id="fl-4">
         <path>.\</path>
         <kind>object</kind>
         <file>F2837xS_DefaultISR.obj</file>
         <name>F2837xS_DefaultISR.obj</name>
      </input_file>
      <input_file id="fl-5">
         <path>.\</path>
         <kind>object</kind>
         <file>F2837xS_GlobalVariableDefs.obj</file>
         <name>F2837xS_GlobalVariableDefs.obj</name>
      </input_file>
      <input_file id="fl-6">
         <path>.\</path>
         <kind>object</kind>
         <file>F2837xS_Gpio.obj</file>
         <name>F2837xS_Gpio.obj</name>
      </input_file>
      <input_file id="fl-7">
         <path>.\</path>
         <kind>object</kind>
         <file>F2837xS_PieCtrl.obj</file>
         <name>F2837xS_PieCtrl.obj</name>
      </input_file>
      <input_file id="fl-8">
         <path>.\</path>
         <kind>object</kind>
         <file>F2837xS_PieVect.obj</file>
         <name>F2837xS_PieVect.obj</name>
      </input_file>
      <input_file id="fl-9">
         <path>.\</path>
         <kind>object</kind>
         <file>F2837xS_SysCtrl.obj</file>
         <name>F2837xS_SysCtrl.obj</name>
      </input_file>
      <input_file id="fl-a">
         <path>.\</path>
         <kind>object</kind>
         <file>F2837xS_usDelay.obj</file>
         <name>F2837xS_usDelay.obj</name>
      </input_file>
      <input_file id="fl-b">
         <path>.\</path>
         <kind>object</kind>
         <file>TLV5638_API_F2837xS.obj</file>
         <name>TLV5638_API_F2837xS.obj</name>
      </input_file>
      <input_file id="fl-c">
         <path>.\</path>
         <kind>object</kind>
         <file>main.obj</file>
         <name>main.obj</name>
      </input_file>
      <input_file id="fl-13">
         <path>C:\ti\ccsv6\tools\compiler\ti-cgt-c2000_15.12.1.LTS\lib\</path>
         <kind>archive</kind>
         <file>rts2800_fpu32.lib</file>
         <name>boot.obj</name>
      </input_file>
      <input_file id="fl-14">
         <path>C:\ti\ccsv6\tools\compiler\ti-cgt-c2000_15.12.1.LTS\lib\</path>
         <kind>archive</kind>
         <file>rts2800_fpu32.lib</file>
         <name>cpy_tbl.obj</name>
      </input_file>
      <input_file id="fl-15">
         <path>C:\ti\ccsv6\tools\compiler\ti-cgt-c2000_15.12.1.LTS\lib\</path>
         <kind>archive</kind>
         <file>rts2800_fpu32.lib</file>
         <name>cpy_utils.obj</name>
      </input_file>
      <input_file id="fl-16">
         <path>C:\ti\ccsv6\tools\compiler\ti-cgt-c2000_15.12.1.LTS\lib\</path>
         <kind>archive</kind>
         <file>rts2800_fpu32.lib</file>
         <name>e_expf.obj</name>
      </input_file>
      <input_file id="fl-17">
         <path>C:\ti\ccsv6\tools\compiler\ti-cgt-c2000_15.12.1.LTS\lib\</path>
         <kind>archive</kind>
         <file>rts2800_fpu32.lib</file>
         <name>e_powf.obj</name>
      </input_file>
      <input_file id="fl-18">
         <path>C:\ti\ccsv6\tools\compiler\ti-cgt-c2000_15.12.1.LTS\lib\</path>
         <kind>archive</kind>
         <file>rts2800_fpu32.lib</file>
         <name>e_sqrtf.obj</name>
      </input_file>
      <input_file id="fl-19">
         <path>C:\ti\ccsv6\tools\compiler\ti-cgt-c2000_15.12.1.LTS\lib\</path>
         <kind>archive</kind>
         <file>rts2800_fpu32.lib</file>
         <name>errno.obj</name>
      </input_file>
      <input_file id="fl-1a">
         <path>C:\ti\ccsv6\tools\compiler\ti-cgt-c2000_15.12.1.LTS\lib\</path>
         <kind>archive</kind>
         <file>rts2800_fpu32.lib</file>
         <name>exit.obj</name>
      </input_file>
      <input_file id="fl-1b">
         <path>C:\ti\ccsv6\tools\compiler\ti-cgt-c2000_15.12.1.LTS\lib\</path>
         <kind>archive</kind>
         <file>rts2800_fpu32.lib</file>
         <name>fs_div.obj</name>
      </input_file>
      <input_file id="fl-1c">
         <path>C:\ti\ccsv6\tools\compiler\ti-cgt-c2000_15.12.1.LTS\lib\</path>
         <kind>archive</kind>
         <file>rts2800_fpu32.lib</file>
         <name>memcpy.obj</name>
      </input_file>
      <input_file id="fl-1d">
         <path>C:\ti\ccsv6\tools\compiler\ti-cgt-c2000_15.12.1.LTS\lib\</path>
         <kind>archive</kind>
         <file>rts2800_fpu32.lib</file>
         <name>pre_init.obj</name>
      </input_file>
      <input_file id="fl-1e">
         <path>C:\ti\ccsv6\tools\compiler\ti-cgt-c2000_15.12.1.LTS\lib\</path>
         <kind>archive</kind>
         <file>rts2800_fpu32.lib</file>
         <name>s_scalbnf.obj</name>
      </input_file>
      <input_file id="fl-1f">
         <path>C:\ti\ccsv6\tools\compiler\ti-cgt-c2000_15.12.1.LTS\lib\</path>
         <kind>archive</kind>
         <file>rts2800_fpu32.lib</file>
         <name>startup.obj</name>
      </input_file>
      <input_file id="fl-20">
         <path>C:\ti\ccsv6\tools\compiler\ti-cgt-c2000_15.12.1.LTS\lib\</path>
         <kind>archive</kind>
         <file>rts2800_fpu32.lib</file>
         <name>_lock.obj</name>
      </input_file>
      <input_file id="fl-21">
         <path>C:\ti\ccsv6\tools\compiler\ti-cgt-c2000_15.12.1.LTS\lib\</path>
         <kind>archive</kind>
         <file>rts2800_fpu32.lib</file>
         <name>args_main.obj</name>
      </input_file>
      <input_file id="fl-22">
         <path>C:\ti\ccsv6\tools\compiler\ti-cgt-c2000_15.12.1.LTS\lib\</path>
         <kind>archive</kind>
         <file>rts2800_fpu32.lib</file>
         <name>s_copysignf.obj</name>
      </input_file>
   </input_file_list>
   <object_component_list>
      <object_component id="oc-140">
         <name>.cinit</name>
         <load_address>0x82000</load_address>
         <run_address>0x82000</run_address>
         <size>0xe</size>
         <input_file_ref idref="fl-1a"/>
      </object_component>
      <object_component id="oc-113">
         <name>.cinit</name>
         <load_address>0x8200e</load_address>
         <run_address>0x8200e</run_address>
         <size>0xb</size>
         <input_file_ref idref="fl-c"/>
      </object_component>
      <object_component id="oc-179">
         <name>.cinit:__lock</name>
         <load_address>0x82019</load_address>
         <run_address>0x82019</run_address>
         <size>0x5</size>
         <input_file_ref idref="fl-20"/>
      </object_component>
      <object_component id="oc-188">
         <name>.cinit:__unlock</name>
         <load_address>0x8201e</load_address>
         <run_address>0x8201e</run_address>
         <size>0x5</size>
         <input_file_ref idref="fl-20"/>
      </object_component>
      <object_component id="oc-13c">
         <name>.cinit</name>
         <load_address>0x82023</load_address>
         <run_address>0x82023</run_address>
         <size>0x4</size>
         <input_file_ref idref="fl-19"/>
      </object_component>
      <object_component id="oc-115">
         <name>.text:retain</name>
         <load_address>0x8202c</load_address>
         <run_address>0x8202c</run_address>
         <size>0x844</size>
         <input_file_ref idref="fl-c"/>
      </object_component>
      <object_component id="oc-8b">
         <name>.text:retain</name>
         <load_address>0x82870</load_address>
         <run_address>0x82870</run_address>
         <size>0x585</size>
         <input_file_ref idref="fl-4"/>
      </object_component>
      <object_component id="oc-177">
         <name>.text</name>
         <load_address>0x82df5</load_address>
         <run_address>0x82df5</run_address>
         <size>0x3cb</size>
         <input_file_ref idref="fl-c"/>
      </object_component>
      <object_component id="oc-175">
         <name>.text</name>
         <load_address>0x831c0</load_address>
         <run_address>0x831c0</run_address>
         <size>0x37f</size>
         <input_file_ref idref="fl-17"/>
      </object_component>
      <object_component id="oc-182">
         <name>.text</name>
         <load_address>0x8353f</load_address>
         <run_address>0x8353f</run_address>
         <size>0x2b5</size>
         <input_file_ref idref="fl-9"/>
      </object_component>
      <object_component id="oc-183">
         <name>.text</name>
         <load_address>0x837f4</load_address>
         <run_address>0x837f4</run_address>
         <size>0x244</size>
         <input_file_ref idref="fl-6"/>
      </object_component>
      <object_component id="oc-176">
         <name>.text</name>
         <load_address>0x83a38</load_address>
         <run_address>0x83a38</run_address>
         <size>0x111</size>
         <input_file_ref idref="fl-16"/>
      </object_component>
      <object_component id="oc-174">
         <name>.text</name>
         <load_address>0x83b49</load_address>
         <run_address>0x83b49</run_address>
         <size>0xa9</size>
         <input_file_ref idref="fl-b"/>
      </object_component>
      <object_component id="oc-146">
         <name>.text</name>
         <load_address>0x83bf2</load_address>
         <run_address>0x83bf2</run_address>
         <size>0x88</size>
         <input_file_ref idref="fl-1b"/>
      </object_component>
      <object_component id="oc-186">
         <name>.text</name>
         <load_address>0x83c7a</load_address>
         <run_address>0x83c7a</run_address>
         <size>0x7b</size>
         <input_file_ref idref="fl-3"/>
      </object_component>
      <object_component id="oc-17e">
         <name>.text</name>
         <load_address>0x83cf5</load_address>
         <run_address>0x83cf5</run_address>
         <size>0x67</size>
         <input_file_ref idref="fl-1e"/>
      </object_component>
      <object_component id="oc-7d">
         <name>.text</name>
         <load_address>0x83d5c</load_address>
         <run_address>0x83d5c</run_address>
         <size>0x56</size>
         <input_file_ref idref="fl-13"/>
      </object_component>
      <object_component id="oc-170">
         <name>.text</name>
         <load_address>0x83db2</load_address>
         <run_address>0x83db2</run_address>
         <size>0x46</size>
         <input_file_ref idref="fl-14"/>
      </object_component>
      <object_component id="oc-173">
         <name>.text</name>
         <load_address>0x83df8</load_address>
         <run_address>0x83df8</run_address>
         <size>0x29</size>
         <input_file_ref idref="fl-1a"/>
      </object_component>
      <object_component id="oc-184">
         <name>.text</name>
         <load_address>0x83e21</load_address>
         <run_address>0x83e21</run_address>
         <size>0x28</size>
         <input_file_ref idref="fl-7"/>
      </object_component>
      <object_component id="oc-185">
         <name>.text</name>
         <load_address>0x83e49</load_address>
         <run_address>0x83e49</run_address>
         <size>0x26</size>
         <input_file_ref idref="fl-8"/>
      </object_component>
      <object_component id="oc-171">
         <name>.text</name>
         <load_address>0x83e6f</load_address>
         <run_address>0x83e6f</run_address>
         <size>0x1</size>
         <input_file_ref idref="fl-1f"/>
      </object_component>
      <object_component id="oc-17a">
         <name>.text</name>
         <load_address>0x83e70</load_address>
         <run_address>0x83e70</run_address>
         <size>0x25</size>
         <input_file_ref idref="fl-18"/>
      </object_component>
      <object_component id="oc-18a">
         <name>.text</name>
         <load_address>0x83e95</load_address>
         <run_address>0x83e95</run_address>
         <size>0x1e</size>
         <input_file_ref idref="fl-1c"/>
      </object_component>
      <object_component id="oc-125">
         <name>.text</name>
         <load_address>0x83eb3</load_address>
         <run_address>0x83eb3</run_address>
         <size>0x1a</size>
         <input_file_ref idref="fl-15"/>
      </object_component>
      <object_component id="oc-172">
         <name>.text</name>
         <load_address>0x83ecd</load_address>
         <run_address>0x83ecd</run_address>
         <size>0x19</size>
         <input_file_ref idref="fl-21"/>
      </object_component>
      <object_component id="oc-189">
         <name>.text</name>
         <load_address>0x83ee6</load_address>
         <run_address>0x83ee6</run_address>
         <size>0x11</size>
         <input_file_ref idref="fl-22"/>
      </object_component>
      <object_component id="oc-187">
         <name>.text</name>
         <load_address>0x83ef7</load_address>
         <run_address>0x83ef7</run_address>
         <size>0x9</size>
         <input_file_ref idref="fl-20"/>
      </object_component>
      <object_component id="oc-7e">
         <name>.text</name>
         <load_address>0x83f00</load_address>
         <run_address>0x83f00</run_address>
         <size>0x8</size>
         <input_file_ref idref="fl-2"/>
      </object_component>
      <object_component id="oc-16f">
         <name>.text</name>
         <load_address>0x83f08</load_address>
         <run_address>0x83f08</run_address>
         <size>0x2</size>
         <input_file_ref idref="fl-1d"/>
      </object_component>
      <object_component id="oc-7f">
         <name>codestart</name>
         <load_address>0x80000</load_address>
         <run_address>0x80000</run_address>
         <size>0x2</size>
         <input_file_ref idref="fl-2"/>
      </object_component>
      <object_component id="oc-18b">
         <name>ramfuncs</name>
         <load_address>0x86000</load_address>
         <run_address>0x8000</run_address>
         <size>0x4a</size>
         <input_file_ref idref="fl-9"/>
      </object_component>
      <object_component id="oc-107">
         <name>ramfuncs</name>
         <load_address>0x8604a</load_address>
         <run_address>0x804a</run_address>
         <size>0x4</size>
         <input_file_ref idref="fl-a"/>
      </object_component>
      <object_component id="oc-11a">
         <name>.stack</name>
         <uninitialized>true</uninitialized>
         <run_address>0x400</run_address>
         <size>0x0</size>
         <input_file_ref idref="fl-13"/>
      </object_component>
      <object_component id="oc-211">
         <name>.stack</name>
         <uninitialized>true</uninitialized>
         <run_address>0x400</run_address>
         <size>0x0</size>
      </object_component>
      <object_component id="oc-114">
         <name>.ebss</name>
         <uninitialized>true</uninitialized>
         <run_address>0xa800</run_address>
         <size>0x1c0</size>
         <input_file_ref idref="fl-c"/>
      </object_component>
      <object_component id="oc-85">
         <name>.ebss</name>
         <uninitialized>true</uninitialized>
         <run_address>0xa9c0</run_address>
         <size>0x18</size>
         <input_file_ref idref="fl-3"/>
      </object_component>
      <object_component id="oc-141">
         <name>.ebss</name>
         <uninitialized>true</uninitialized>
         <run_address>0xa9d8</run_address>
         <size>0x6</size>
         <input_file_ref idref="fl-1a"/>
      </object_component>
      <object_component id="oc-10d">
         <name>.ebss</name>
         <uninitialized>true</uninitialized>
         <run_address>0xa9de</run_address>
         <size>0x2</size>
         <input_file_ref idref="fl-b"/>
      </object_component>
      <object_component id="oc-178">
         <name>.ebss:__lock</name>
         <uninitialized>true</uninitialized>
         <run_address>0xa9e0</run_address>
         <size>0x2</size>
         <input_file_ref idref="fl-20"/>
      </object_component>
      <object_component id="oc-18d">
         <name>.ebss:__unlock</name>
         <uninitialized>true</uninitialized>
         <run_address>0xa9e2</run_address>
         <size>0x2</size>
         <input_file_ref idref="fl-20"/>
      </object_component>
      <object_component id="oc-13d">
         <name>.ebss</name>
         <uninitialized>true</uninitialized>
         <run_address>0xa9e4</run_address>
         <size>0x1</size>
         <input_file_ref idref="fl-19"/>
      </object_component>
      <object_component id="oc-18c">
         <name>.econst:_PieVectTableInit</name>
         <load_address>0x90000</load_address>
         <run_address>0x90000</run_address>
         <size>0x1c0</size>
         <input_file_ref idref="fl-8"/>
      </object_component>
      <object_component id="oc-131">
         <name>.econst</name>
         <load_address>0x901c0</load_address>
         <run_address>0x901c0</run_address>
         <size>0x32</size>
         <input_file_ref idref="fl-17"/>
      </object_component>
      <object_component id="oc-12b">
         <name>.econst</name>
         <load_address>0x901f2</load_address>
         <run_address>0x901f2</run_address>
         <size>0x10</size>
         <input_file_ref idref="fl-16"/>
      </object_component>
      <object_component id="oc-156">
         <name>.econst</name>
         <load_address>0x90202</load_address>
         <run_address>0x90202</run_address>
         <size>0x6</size>
         <input_file_ref idref="fl-1e"/>
      </object_component>
      <object_component id="oc-17b">
         <name>.econst:_bp</name>
         <load_address>0x90208</load_address>
         <run_address>0x90208</run_address>
         <size>0x4</size>
         <input_file_ref idref="fl-17"/>
      </object_component>
      <object_component id="oc-17d">
         <name>.econst:_dp_h</name>
         <load_address>0x9020c</load_address>
         <run_address>0x9020c</run_address>
         <size>0x4</size>
         <input_file_ref idref="fl-17"/>
      </object_component>
      <object_component id="oc-17c">
         <name>.econst:_dp_l</name>
         <load_address>0x90210</load_address>
         <run_address>0x90210</run_address>
         <size>0x4</size>
         <input_file_ref idref="fl-17"/>
      </object_component>
      <object_component id="oc-17f">
         <name>.econst:_halF</name>
         <load_address>0x90214</load_address>
         <run_address>0x90214</run_address>
         <size>0x4</size>
         <input_file_ref idref="fl-16"/>
      </object_component>
      <object_component id="oc-180">
         <name>.econst:_ln2HI</name>
         <load_address>0x90218</load_address>
         <run_address>0x90218</run_address>
         <size>0x4</size>
         <input_file_ref idref="fl-16"/>
      </object_component>
      <object_component id="oc-181">
         <name>.econst:_ln2LO</name>
         <load_address>0x9021c</load_address>
         <run_address>0x9021c</run_address>
         <size>0x4</size>
         <input_file_ref idref="fl-16"/>
      </object_component>
      <object_component id="oc-11b">
         <name>.reset</name>
         <load_address>0x3fffc0</load_address>
         <run_address>0x3fffc0</run_address>
         <size>0x2</size>
         <input_file_ref idref="fl-13"/>
      </object_component>
      <object_component id="oc-f1">
         <name>PieVectTableFile</name>
         <uninitialized>true</uninitialized>
         <run_address>0xd00</run_address>
         <size>0x1c0</size>
         <input_file_ref idref="fl-5"/>
      </object_component>
      <object_component id="oc-91">
         <name>EmuKeyVar</name>
         <uninitialized>true</uninitialized>
         <run_address>0xd00</run_address>
         <size>0x1</size>
         <input_file_ref idref="fl-5"/>
      </object_component>
      <object_component id="oc-92">
         <name>EmuBModeVar</name>
         <uninitialized>true</uninitialized>
         <run_address>0xd01</run_address>
         <size>0x1</size>
         <input_file_ref idref="fl-5"/>
      </object_component>
      <object_component id="oc-a7">
         <name>AdcaResultFile</name>
         <uninitialized>true</uninitialized>
         <run_address>0xb00</run_address>
         <size>0x18</size>
         <input_file_ref idref="fl-5"/>
      </object_component>
      <object_component id="oc-a8">
         <name>AdcbResultFile</name>
         <uninitialized>true</uninitialized>
         <run_address>0xb20</run_address>
         <size>0x18</size>
         <input_file_ref idref="fl-5"/>
      </object_component>
      <object_component id="oc-aa">
         <name>AdccResultFile</name>
         <uninitialized>true</uninitialized>
         <run_address>0xb40</run_address>
         <size>0x18</size>
         <input_file_ref idref="fl-5"/>
      </object_component>
      <object_component id="oc-a9">
         <name>AdcdResultFile</name>
         <uninitialized>true</uninitialized>
         <run_address>0xb60</run_address>
         <size>0x18</size>
         <input_file_ref idref="fl-5"/>
      </object_component>
      <object_component id="oc-de">
         <name>AdcaRegsFile</name>
         <uninitialized>true</uninitialized>
         <run_address>0x7400</run_address>
         <size>0x80</size>
         <input_file_ref idref="fl-5"/>
      </object_component>
      <object_component id="oc-da">
         <name>AdcbRegsFile</name>
         <uninitialized>true</uninitialized>
         <run_address>0x7480</run_address>
         <size>0x80</size>
         <input_file_ref idref="fl-5"/>
      </object_component>
      <object_component id="oc-db">
         <name>AdccRegsFile</name>
         <uninitialized>true</uninitialized>
         <run_address>0x7500</run_address>
         <size>0x80</size>
         <input_file_ref idref="fl-5"/>
      </object_component>
      <object_component id="oc-d8">
         <name>AdcdRegsFile</name>
         <uninitialized>true</uninitialized>
         <run_address>0x7580</run_address>
         <size>0x80</size>
         <input_file_ref idref="fl-5"/>
      </object_component>
      <object_component id="oc-d5">
         <name>AnalogSubsysRegsFile</name>
         <uninitialized>true</uninitialized>
         <run_address>0x5d180</run_address>
         <size>0x48</size>
         <input_file_ref idref="fl-5"/>
      </object_component>
      <object_component id="oc-cf">
         <name>Cla1RegsFile</name>
         <uninitialized>true</uninitialized>
         <run_address>0x1400</run_address>
         <size>0x3e</size>
         <input_file_ref idref="fl-5"/>
      </object_component>
      <object_component id="oc-95">
         <name>Cla1SoftIntRegsFile</name>
         <uninitialized>true</uninitialized>
         <run_address>0xce0</run_address>
         <size>0x4</size>
         <input_file_ref idref="fl-5"/>
      </object_component>
      <object_component id="oc-b8">
         <name>Cmpss1RegsFile</name>
         <uninitialized>true</uninitialized>
         <run_address>0x5c80</run_address>
         <size>0x20</size>
         <input_file_ref idref="fl-5"/>
      </object_component>
      <object_component id="oc-b5">
         <name>Cmpss2RegsFile</name>
         <uninitialized>true</uninitialized>
         <run_address>0x5ca0</run_address>
         <size>0x20</size>
         <input_file_ref idref="fl-5"/>
      </object_component>
      <object_component id="oc-b6">
         <name>Cmpss3RegsFile</name>
         <uninitialized>true</uninitialized>
         <run_address>0x5cc0</run_address>
         <size>0x20</size>
         <input_file_ref idref="fl-5"/>
      </object_component>
      <object_component id="oc-bb">
         <name>Cmpss4RegsFile</name>
         <uninitialized>true</uninitialized>
         <run_address>0x5ce0</run_address>
         <size>0x20</size>
         <input_file_ref idref="fl-5"/>
      </object_component>
      <object_component id="oc-b7">
         <name>Cmpss5RegsFile</name>
         <uninitialized>true</uninitialized>
         <run_address>0x5d00</run_address>
         <size>0x20</size>
         <input_file_ref idref="fl-5"/>
      </object_component>
      <object_component id="oc-bc">
         <name>Cmpss6RegsFile</name>
         <uninitialized>true</uninitialized>
         <run_address>0x5d20</run_address>
         <size>0x20</size>
         <input_file_ref idref="fl-5"/>
      </object_component>
      <object_component id="oc-b9">
         <name>Cmpss7RegsFile</name>
         <uninitialized>true</uninitialized>
         <run_address>0x5d40</run_address>
         <size>0x20</size>
         <input_file_ref idref="fl-5"/>
      </object_component>
      <object_component id="oc-ba">
         <name>Cmpss8RegsFile</name>
         <uninitialized>true</uninitialized>
         <run_address>0x5d60</run_address>
         <size>0x20</size>
         <input_file_ref idref="fl-5"/>
      </object_component>
      <object_component id="oc-9c">
         <name>CpuTimer0RegsFile</name>
         <uninitialized>true</uninitialized>
         <run_address>0xc00</run_address>
         <size>0x8</size>
         <input_file_ref idref="fl-5"/>
      </object_component>
      <object_component id="oc-9b">
         <name>CpuTimer1RegsFile</name>
         <uninitialized>true</uninitialized>
         <run_address>0xc08</run_address>
         <size>0x8</size>
         <input_file_ref idref="fl-5"/>
      </object_component>
      <object_component id="oc-9e">
         <name>CpuTimer2RegsFile</name>
         <uninitialized>true</uninitialized>
         <run_address>0xc10</run_address>
         <size>0x8</size>
         <input_file_ref idref="fl-5"/>
      </object_component>
      <object_component id="oc-9d">
         <name>DacaRegsFile</name>
         <uninitialized>true</uninitialized>
         <run_address>0x5c00</run_address>
         <size>0x8</size>
         <input_file_ref idref="fl-5"/>
      </object_component>
      <object_component id="oc-98">
         <name>DacbRegsFile</name>
         <uninitialized>true</uninitialized>
         <run_address>0x5c10</run_address>
         <size>0x8</size>
         <input_file_ref idref="fl-5"/>
      </object_component>
      <object_component id="oc-99">
         <name>DaccRegsFile</name>
         <uninitialized>true</uninitialized>
         <run_address>0x5c20</run_address>
         <size>0x8</size>
         <input_file_ref idref="fl-5"/>
      </object_component>
      <object_component id="oc-c9">
         <name>DcsmZ1RegsFile</name>
         <uninitialized>true</uninitialized>
         <run_address>0x5f000</run_address>
         <size>0x24</size>
         <input_file_ref idref="fl-5"/>
      </object_component>
      <object_component id="oc-c8">
         <name>DcsmZ2RegsFile</name>
         <uninitialized>true</uninitialized>
         <run_address>0x5f040</run_address>
         <size>0x24</size>
         <input_file_ref idref="fl-5"/>
      </object_component>
      <object_component id="oc-9a">
         <name>DcsmCommonRegsFile</name>
         <uninitialized>true</uninitialized>
         <run_address>0x5f070</run_address>
         <size>0x8</size>
         <input_file_ref idref="fl-5"/>
      </object_component>
      <object_component id="oc-bd">
         <name>DcsmZ1OtpFile</name>
         <uninitialized>true</uninitialized>
         <run_address>0x78000</run_address>
         <size>0x20</size>
         <input_file_ref idref="fl-5"/>
      </object_component>
      <object_component id="oc-c0">
         <name>DcsmZ2OtpFile</name>
         <uninitialized>true</uninitialized>
         <run_address>0x78200</run_address>
         <size>0x20</size>
         <input_file_ref idref="fl-5"/>
      </object_component>
      <object_component id="oc-e0">
         <name>DmaRegsFile</name>
         <uninitialized>true</uninitialized>
         <run_address>0x1000</run_address>
         <size>0xe0</size>
         <input_file_ref idref="fl-5"/>
      </object_component>
      <object_component id="oc-ab">
         <name>DmaClaSrcSelRegsFile</name>
         <uninitialized>true</uninitialized>
         <run_address>0x7980</run_address>
         <size>0x1a</size>
         <input_file_ref idref="fl-5"/>
      </object_component>
      <object_component id="oc-be">
         <name>ECap1RegsFile</name>
         <uninitialized>true</uninitialized>
         <run_address>0x5000</run_address>
         <size>0x20</size>
         <input_file_ref idref="fl-5"/>
      </object_component>
      <object_component id="oc-b0">
         <name>ECap2RegsFile</name>
         <uninitialized>true</uninitialized>
         <run_address>0x5020</run_address>
         <size>0x20</size>
         <input_file_ref idref="fl-5"/>
      </object_component>
      <object_component id="oc-ae">
         <name>ECap3RegsFile</name>
         <uninitialized>true</uninitialized>
         <run_address>0x5040</run_address>
         <size>0x20</size>
         <input_file_ref idref="fl-5"/>
      </object_component>
      <object_component id="oc-af">
         <name>ECap4RegsFile</name>
         <uninitialized>true</uninitialized>
         <run_address>0x5060</run_address>
         <size>0x20</size>
         <input_file_ref idref="fl-5"/>
      </object_component>
      <object_component id="oc-ad">
         <name>ECap5RegsFile</name>
         <uninitialized>true</uninitialized>
         <run_address>0x5080</run_address>
         <size>0x20</size>
         <input_file_ref idref="fl-5"/>
      </object_component>
      <object_component id="oc-bf">
         <name>ECap6RegsFile</name>
         <uninitialized>true</uninitialized>
         <run_address>0x50a0</run_address>
         <size>0x20</size>
         <input_file_ref idref="fl-5"/>
      </object_component>
      <object_component id="oc-d6">
         <name>Emif1RegsFile</name>
         <uninitialized>true</uninitialized>
         <run_address>0x47000</run_address>
         <size>0x70</size>
         <input_file_ref idref="fl-5"/>
      </object_component>
      <object_component id="oc-d7">
         <name>Emif2RegsFile</name>
         <uninitialized>true</uninitialized>
         <run_address>0x47800</run_address>
         <size>0x70</size>
         <input_file_ref idref="fl-5"/>
      </object_component>
      <object_component id="oc-e5">
         <name>EPwm1RegsFile</name>
         <uninitialized>true</uninitialized>
         <run_address>0x4000</run_address>
         <size>0x100</size>
         <input_file_ref idref="fl-5"/>
      </object_component>
      <object_component id="oc-e4">
         <name>EPwm2RegsFile</name>
         <uninitialized>true</uninitialized>
         <run_address>0x4100</run_address>
         <size>0x100</size>
         <input_file_ref idref="fl-5"/>
      </object_component>
      <object_component id="oc-e7">
         <name>EPwm3RegsFile</name>
         <uninitialized>true</uninitialized>
         <run_address>0x4200</run_address>
         <size>0x100</size>
         <input_file_ref idref="fl-5"/>
      </object_component>
      <object_component id="oc-e2">
         <name>EPwm4RegsFile</name>
         <uninitialized>true</uninitialized>
         <run_address>0x4300</run_address>
         <size>0x100</size>
         <input_file_ref idref="fl-5"/>
      </object_component>
      <object_component id="oc-e1">
         <name>EPwm5RegsFile</name>
         <uninitialized>true</uninitialized>
         <run_address>0x4400</run_address>
         <size>0x100</size>
         <input_file_ref idref="fl-5"/>
      </object_component>
      <object_component id="oc-e6">
         <name>EPwm6RegsFile</name>
         <uninitialized>true</uninitialized>
         <run_address>0x4500</run_address>
         <size>0x100</size>
         <input_file_ref idref="fl-5"/>
      </object_component>
      <object_component id="oc-e3">
         <name>EPwm7RegsFile</name>
         <uninitialized>true</uninitialized>
         <run_address>0x4600</run_address>
         <size>0x100</size>
         <input_file_ref idref="fl-5"/>
      </object_component>
      <object_component id="oc-ec">
         <name>EPwm8RegsFile</name>
         <uninitialized>true</uninitialized>
         <run_address>0x4700</run_address>
         <size>0x100</size>
         <input_file_ref idref="fl-5"/>
      </object_component>
      <object_component id="oc-ea">
         <name>EPwm9RegsFile</name>
         <uninitialized>true</uninitialized>
         <run_address>0x4800</run_address>
         <size>0x100</size>
         <input_file_ref idref="fl-5"/>
      </object_component>
      <object_component id="oc-eb">
         <name>EPwm10RegsFile</name>
         <uninitialized>true</uninitialized>
         <run_address>0x4900</run_address>
         <size>0x100</size>
         <input_file_ref idref="fl-5"/>
      </object_component>
      <object_component id="oc-e8">
         <name>EPwm11RegsFile</name>
         <uninitialized>true</uninitialized>
         <run_address>0x4a00</run_address>
         <size>0x100</size>
         <input_file_ref idref="fl-5"/>
      </object_component>
      <object_component id="oc-e9">
         <name>EPwm12RegsFile</name>
         <uninitialized>true</uninitialized>
         <run_address>0x4b00</run_address>
         <size>0x100</size>
         <input_file_ref idref="fl-5"/>
      </object_component>
      <object_component id="oc-d3">
         <name>EPwmXbarRegsFile</name>
         <uninitialized>true</uninitialized>
         <run_address>0x7a00</run_address>
         <size>0x40</size>
         <input_file_ref idref="fl-5"/>
      </object_component>
      <object_component id="oc-c5">
         <name>EQep1RegsFile</name>
         <uninitialized>true</uninitialized>
         <run_address>0x5100</run_address>
         <size>0x22</size>
         <input_file_ref idref="fl-5"/>
      </object_component>
      <object_component id="oc-c4">
         <name>EQep2RegsFile</name>
         <uninitialized>true</uninitialized>
         <run_address>0x5140</run_address>
         <size>0x22</size>
         <input_file_ref idref="fl-5"/>
      </object_component>
      <object_component id="oc-c3">
         <name>EQep3RegsFile</name>
         <uninitialized>true</uninitialized>
         <run_address>0x5180</run_address>
         <size>0x22</size>
         <input_file_ref idref="fl-5"/>
      </object_component>
      <object_component id="oc-f0">
         <name>Flash0CtrlRegsFile</name>
         <uninitialized>true</uninitialized>
         <run_address>0x5f800</run_address>
         <size>0x182</size>
         <input_file_ref idref="fl-5"/>
      </object_component>
      <object_component id="oc-cb">
         <name>Flash0EccRegsFile</name>
         <uninitialized>true</uninitialized>
         <run_address>0x5fb00</run_address>
         <size>0x28</size>
         <input_file_ref idref="fl-5"/>
      </object_component>
      <object_component id="oc-ef">
         <name>Flash1CtrlRegsFile</name>
         <uninitialized>true</uninitialized>
         <run_address>0x5fc00</run_address>
         <size>0x182</size>
         <input_file_ref idref="fl-5"/>
      </object_component>
      <object_component id="oc-ca">
         <name>Flash1EccRegsFile</name>
         <uninitialized>true</uninitialized>
         <run_address>0x5ff00</run_address>
         <size>0x28</size>
         <input_file_ref idref="fl-5"/>
      </object_component>
      <object_component id="oc-ee">
         <name>GpioCtrlRegsFile</name>
         <uninitialized>true</uninitialized>
         <run_address>0x7c00</run_address>
         <size>0x180</size>
         <input_file_ref idref="fl-5"/>
      </object_component>
      <object_component id="oc-cd">
         <name>GpioDataRegsFile</name>
         <uninitialized>true</uninitialized>
         <run_address>0x7f00</run_address>
         <size>0x30</size>
         <input_file_ref idref="fl-5"/>
      </object_component>
      <object_component id="oc-d1">
         <name>OutputXbarRegsFile</name>
         <uninitialized>true</uninitialized>
         <run_address>0x7a80</run_address>
         <size>0x40</size>
         <input_file_ref idref="fl-5"/>
      </object_component>
      <object_component id="oc-c2">
         <name>I2caRegsFile</name>
         <uninitialized>true</uninitialized>
         <run_address>0x7300</run_address>
         <size>0x22</size>
         <input_file_ref idref="fl-5"/>
      </object_component>
      <object_component id="oc-c1">
         <name>I2cbRegsFile</name>
         <uninitialized>true</uninitialized>
         <run_address>0x7340</run_address>
         <size>0x22</size>
         <input_file_ref idref="fl-5"/>
      </object_component>
      <object_component id="oc-b3">
         <name>InputXbarRegsFile</name>
         <uninitialized>true</uninitialized>
         <run_address>0x7900</run_address>
         <size>0x20</size>
         <input_file_ref idref="fl-5"/>
      </object_component>
      <object_component id="oc-b4">
         <name>XbarRegsFile</name>
         <uninitialized>true</uninitialized>
         <run_address>0x7920</run_address>
         <size>0x20</size>
         <input_file_ref idref="fl-5"/>
      </object_component>
      <object_component id="oc-93">
         <name>RomPrefetchRegsFile</name>
         <uninitialized>true</uninitialized>
         <run_address>0x5e608</run_address>
         <size>0x2</size>
         <input_file_ref idref="fl-5"/>
      </object_component>
      <object_component id="oc-dc">
         <name>MemCfgRegsFile</name>
         <uninitialized>true</uninitialized>
         <run_address>0x5f400</run_address>
         <size>0x80</size>
         <input_file_ref idref="fl-5"/>
      </object_component>
      <object_component id="oc-b1">
         <name>Emif1ConfigRegsFile</name>
         <uninitialized>true</uninitialized>
         <run_address>0x5f480</run_address>
         <size>0x20</size>
         <input_file_ref idref="fl-5"/>
      </object_component>
      <object_component id="oc-b2">
         <name>Emif2ConfigRegsFile</name>
         <uninitialized>true</uninitialized>
         <run_address>0x5f4a0</run_address>
         <size>0x20</size>
         <input_file_ref idref="fl-5"/>
      </object_component>
      <object_component id="oc-d2">
         <name>AccessProtectionRegsFile</name>
         <uninitialized>true</uninitialized>
         <run_address>0x5f4c0</run_address>
         <size>0x40</size>
         <input_file_ref idref="fl-5"/>
      </object_component>
      <object_component id="oc-d0">
         <name>MemoryErrorRegsFile</name>
         <uninitialized>true</uninitialized>
         <run_address>0x5f500</run_address>
         <size>0x40</size>
         <input_file_ref idref="fl-5"/>
      </object_component>
      <object_component id="oc-94">
         <name>RomWaitStateRegsFile</name>
         <uninitialized>true</uninitialized>
         <run_address>0x5f540</run_address>
         <size>0x2</size>
         <input_file_ref idref="fl-5"/>
      </object_component>
      <object_component id="oc-c6">
         <name>McbspaRegsFile</name>
         <uninitialized>true</uninitialized>
         <run_address>0x6000</run_address>
         <size>0x24</size>
         <input_file_ref idref="fl-5"/>
      </object_component>
      <object_component id="oc-c7">
         <name>McbspbRegsFile</name>
         <uninitialized>true</uninitialized>
         <run_address>0x6040</run_address>
         <size>0x24</size>
         <input_file_ref idref="fl-5"/>
      </object_component>
      <object_component id="oc-d4">
         <name>UppRegsFile</name>
         <uninitialized>true</uninitialized>
         <run_address>0x6200</run_address>
         <size>0x48</size>
         <input_file_ref idref="fl-5"/>
      </object_component>
      <object_component id="oc-97">
         <name>NmiIntruptRegsFile</name>
         <uninitialized>true</uninitialized>
         <run_address>0x7060</run_address>
         <size>0x7</size>
         <input_file_ref idref="fl-5"/>
      </object_component>
      <object_component id="oc-ac">
         <name>PieCtrlRegsFile</name>
         <uninitialized>true</uninitialized>
         <run_address>0xce0</run_address>
         <size>0x1a</size>
         <input_file_ref idref="fl-5"/>
      </object_component>
      <object_component id="oc-a6">
         <name>SciaRegsFile</name>
         <uninitialized>true</uninitialized>
         <run_address>0x7200</run_address>
         <size>0x10</size>
         <input_file_ref idref="fl-5"/>
      </object_component>
      <object_component id="oc-a0">
         <name>ScibRegsFile</name>
         <uninitialized>true</uninitialized>
         <run_address>0x7210</run_address>
         <size>0x10</size>
         <input_file_ref idref="fl-5"/>
      </object_component>
      <object_component id="oc-a1">
         <name>ScicRegsFile</name>
         <uninitialized>true</uninitialized>
         <run_address>0x7220</run_address>
         <size>0x10</size>
         <input_file_ref idref="fl-5"/>
      </object_component>
      <object_component id="oc-a4">
         <name>ScidRegsFile</name>
         <uninitialized>true</uninitialized>
         <run_address>0x7230</run_address>
         <size>0x10</size>
         <input_file_ref idref="fl-5"/>
      </object_component>
      <object_component id="oc-d9">
         <name>Sdfm1RegsFile</name>
         <uninitialized>true</uninitialized>
         <run_address>0x5e00</run_address>
         <size>0x80</size>
         <input_file_ref idref="fl-5"/>
      </object_component>
      <object_component id="oc-dd">
         <name>Sdfm2RegsFile</name>
         <uninitialized>true</uninitialized>
         <run_address>0x5e80</run_address>
         <size>0x80</size>
         <input_file_ref idref="fl-5"/>
      </object_component>
      <object_component id="oc-a3">
         <name>SpiaRegsFile</name>
         <uninitialized>true</uninitialized>
         <run_address>0x6100</run_address>
         <size>0x10</size>
         <input_file_ref idref="fl-5"/>
      </object_component>
      <object_component id="oc-a5">
         <name>SpibRegsFile</name>
         <uninitialized>true</uninitialized>
         <run_address>0x6110</run_address>
         <size>0x10</size>
         <input_file_ref idref="fl-5"/>
      </object_component>
      <object_component id="oc-a2">
         <name>SpicRegsFile</name>
         <uninitialized>true</uninitialized>
         <run_address>0x6120</run_address>
         <size>0x10</size>
         <input_file_ref idref="fl-5"/>
      </object_component>
      <object_component id="oc-ed">
         <name>DevCfgRegsFile</name>
         <uninitialized>true</uninitialized>
         <run_address>0x5d000</run_address>
         <size>0x12e</size>
         <input_file_ref idref="fl-5"/>
      </object_component>
      <object_component id="oc-ce">
         <name>ClkCfgRegsFile</name>
         <uninitialized>true</uninitialized>
         <run_address>0x5d200</run_address>
         <size>0x32</size>
         <input_file_ref idref="fl-5"/>
      </object_component>
      <object_component id="oc-df">
         <name>CpuSysRegsFile</name>
         <uninitialized>true</uninitialized>
         <run_address>0x5d300</run_address>
         <size>0x82</size>
         <input_file_ref idref="fl-5"/>
      </object_component>
      <object_component id="oc-96">
         <name>TrigRegsFile</name>
         <uninitialized>true</uninitialized>
         <run_address>0x7940</run_address>
         <size>0x6</size>
         <input_file_ref idref="fl-5"/>
      </object_component>
      <object_component id="oc-cc">
         <name>WdRegsFile</name>
         <uninitialized>true</uninitialized>
         <run_address>0x7000</run_address>
         <size>0x2b</size>
         <input_file_ref idref="fl-5"/>
      </object_component>
      <object_component id="oc-9f">
         <name>XintRegsFile</name>
         <uninitialized>true</uninitialized>
         <run_address>0x7070</run_address>
         <size>0xb</size>
         <input_file_ref idref="fl-5"/>
      </object_component>
      <object_component id="oc-80">
         <name>.debug_info</name>
         <load_address>0x0</load_address>
         <run_address>0x0</run_address>
         <size>0x206</size>
         <input_file_ref idref="fl-2"/>
      </object_component>
      <object_component id="oc-84">
         <name>.debug_info</name>
         <load_address>0x206</load_address>
         <run_address>0x206</run_address>
         <size>0xb08</size>
         <input_file_ref idref="fl-3"/>
      </object_component>
      <object_component id="oc-8a">
         <name>.debug_info</name>
         <load_address>0xd0e</load_address>
         <run_address>0xd0e</run_address>
         <size>0x7e07</size>
         <input_file_ref idref="fl-4"/>
      </object_component>
      <object_component id="oc-90">
         <name>.debug_info</name>
         <load_address>0x8b15</load_address>
         <run_address>0x8b15</run_address>
         <size>0x4b3d8</size>
         <input_file_ref idref="fl-5"/>
      </object_component>
      <object_component id="oc-f3">
         <name>.debug_info</name>
         <load_address>0x53eed</load_address>
         <run_address>0x53eed</run_address>
         <size>0x19301</size>
         <input_file_ref idref="fl-6"/>
      </object_component>
      <object_component id="oc-f8">
         <name>.debug_info</name>
         <load_address>0x6d1ee</load_address>
         <run_address>0x6d1ee</run_address>
         <size>0x36d6</size>
         <input_file_ref idref="fl-7"/>
      </object_component>
      <object_component id="oc-fd">
         <name>.debug_info</name>
         <load_address>0x708c4</load_address>
         <run_address>0x708c4</run_address>
         <size>0x6827</size>
         <input_file_ref idref="fl-8"/>
      </object_component>
      <object_component id="oc-102">
         <name>.debug_info</name>
         <load_address>0x770eb</load_address>
         <run_address>0x770eb</run_address>
         <size>0x862d</size>
         <input_file_ref idref="fl-9"/>
      </object_component>
      <object_component id="oc-108">
         <name>.debug_info</name>
         <load_address>0x7f718</load_address>
         <run_address>0x7f718</run_address>
         <size>0x18e</size>
         <input_file_ref idref="fl-a"/>
      </object_component>
      <object_component id="oc-10c">
         <name>.debug_info</name>
         <load_address>0x7f8a6</load_address>
         <run_address>0x7f8a6</run_address>
         <size>0x158e9</size>
         <input_file_ref idref="fl-b"/>
      </object_component>
      <object_component id="oc-112">
         <name>.debug_info</name>
         <load_address>0x9518f</load_address>
         <run_address>0x9518f</run_address>
         <size>0x1d584</size>
         <input_file_ref idref="fl-c"/>
      </object_component>
      <object_component id="oc-11c">
         <name>.debug_info</name>
         <load_address>0xb2713</load_address>
         <run_address>0xb2713</run_address>
         <size>0x187</size>
         <input_file_ref idref="fl-13"/>
      </object_component>
      <object_component id="oc-120">
         <name>.debug_info</name>
         <load_address>0xb289a</load_address>
         <run_address>0xb289a</run_address>
         <size>0x643</size>
         <input_file_ref idref="fl-14"/>
      </object_component>
      <object_component id="oc-126">
         <name>.debug_info</name>
         <load_address>0xb2edd</load_address>
         <run_address>0xb2edd</run_address>
         <size>0x12e</size>
         <input_file_ref idref="fl-15"/>
      </object_component>
      <object_component id="oc-12a">
         <name>.debug_info</name>
         <load_address>0xb300b</load_address>
         <run_address>0xb300b</run_address>
         <size>0x661</size>
         <input_file_ref idref="fl-16"/>
      </object_component>
      <object_component id="oc-130">
         <name>.debug_info</name>
         <load_address>0xb366c</load_address>
         <run_address>0xb366c</run_address>
         <size>0x942</size>
         <input_file_ref idref="fl-17"/>
      </object_component>
      <object_component id="oc-136">
         <name>.debug_info</name>
         <load_address>0xb3fae</load_address>
         <run_address>0xb3fae</run_address>
         <size>0x456</size>
         <input_file_ref idref="fl-18"/>
      </object_component>
      <object_component id="oc-13b">
         <name>.debug_info</name>
         <load_address>0xb4404</load_address>
         <run_address>0xb4404</run_address>
         <size>0x1d7</size>
         <input_file_ref idref="fl-19"/>
      </object_component>
      <object_component id="oc-13f">
         <name>.debug_info</name>
         <load_address>0xb45db</load_address>
         <run_address>0xb45db</run_address>
         <size>0x5c7</size>
         <input_file_ref idref="fl-1a"/>
      </object_component>
      <object_component id="oc-147">
         <name>.debug_info</name>
         <load_address>0xb4ba2</load_address>
         <run_address>0xb4ba2</run_address>
         <size>0x128</size>
         <input_file_ref idref="fl-1b"/>
      </object_component>
      <object_component id="oc-14b">
         <name>.debug_info</name>
         <load_address>0xb4cca</load_address>
         <run_address>0xb4cca</run_address>
         <size>0x48b</size>
         <input_file_ref idref="fl-1c"/>
      </object_component>
      <object_component id="oc-150">
         <name>.debug_info</name>
         <load_address>0xb5155</load_address>
         <run_address>0xb5155</run_address>
         <size>0x3fe</size>
         <input_file_ref idref="fl-1d"/>
      </object_component>
      <object_component id="oc-155">
         <name>.debug_info</name>
         <load_address>0xb5553</load_address>
         <run_address>0xb5553</run_address>
         <size>0x564</size>
         <input_file_ref idref="fl-1e"/>
      </object_component>
      <object_component id="oc-15b">
         <name>.debug_info</name>
         <load_address>0xb5ab7</load_address>
         <run_address>0xb5ab7</run_address>
         <size>0x3fb</size>
         <input_file_ref idref="fl-1f"/>
      </object_component>
      <object_component id="oc-160">
         <name>.debug_info</name>
         <load_address>0xb5eb2</load_address>
         <run_address>0xb5eb2</run_address>
         <size>0x51d</size>
         <input_file_ref idref="fl-20"/>
      </object_component>
      <object_component id="oc-165">
         <name>.debug_info</name>
         <load_address>0xb63cf</load_address>
         <run_address>0xb63cf</run_address>
         <size>0x4ea</size>
         <input_file_ref idref="fl-21"/>
      </object_component>
      <object_component id="oc-16a">
         <name>.debug_info</name>
         <load_address>0xb68b9</load_address>
         <run_address>0xb68b9</run_address>
         <size>0x49a</size>
         <input_file_ref idref="fl-22"/>
      </object_component>
      <object_component id="oc-215">
         <name>.debug_info</name>
         <load_address>0xb6d53</load_address>
         <run_address>0xb6d53</run_address>
         <size>0xc5</size>
      </object_component>
      <object_component id="oc-81">
         <name>.debug_line</name>
         <load_address>0x0</load_address>
         <run_address>0x0</run_address>
         <size>0xa2</size>
         <input_file_ref idref="fl-2"/>
      </object_component>
      <object_component id="oc-87">
         <name>.debug_line</name>
         <load_address>0xa2</load_address>
         <run_address>0xa2</run_address>
         <size>0xc9</size>
         <input_file_ref idref="fl-3"/>
      </object_component>
      <object_component id="oc-8d">
         <name>.debug_line</name>
         <load_address>0x16b</load_address>
         <run_address>0x16b</run_address>
         <size>0xd1b</size>
         <input_file_ref idref="fl-4"/>
      </object_component>
      <object_component id="oc-f5">
         <name>.debug_line</name>
         <load_address>0xe86</load_address>
         <run_address>0xe86</run_address>
         <size>0x288</size>
         <input_file_ref idref="fl-6"/>
      </object_component>
      <object_component id="oc-fa">
         <name>.debug_line</name>
         <load_address>0x110e</load_address>
         <run_address>0x110e</run_address>
         <size>0xc7</size>
         <input_file_ref idref="fl-7"/>
      </object_component>
      <object_component id="oc-ff">
         <name>.debug_line</name>
         <load_address>0x11d5</load_address>
         <run_address>0x11d5</run_address>
         <size>0xab</size>
         <input_file_ref idref="fl-8"/>
      </object_component>
      <object_component id="oc-104">
         <name>.debug_line</name>
         <load_address>0x1280</load_address>
         <run_address>0x1280</run_address>
         <size>0x378</size>
         <input_file_ref idref="fl-9"/>
      </object_component>
      <object_component id="oc-109">
         <name>.debug_line</name>
         <load_address>0x15f8</load_address>
         <run_address>0x15f8</run_address>
         <size>0x89</size>
         <input_file_ref idref="fl-a"/>
      </object_component>
      <object_component id="oc-10f">
         <name>.debug_line</name>
         <load_address>0x1681</load_address>
         <run_address>0x1681</run_address>
         <size>0xab</size>
         <input_file_ref idref="fl-b"/>
      </object_component>
      <object_component id="oc-117">
         <name>.debug_line</name>
         <load_address>0x172c</load_address>
         <run_address>0x172c</run_address>
         <size>0x67d</size>
         <input_file_ref idref="fl-c"/>
      </object_component>
      <object_component id="oc-11d">
         <name>.debug_line</name>
         <load_address>0x1da9</load_address>
         <run_address>0x1da9</run_address>
         <size>0x7e</size>
         <input_file_ref idref="fl-13"/>
      </object_component>
      <object_component id="oc-122">
         <name>.debug_line</name>
         <load_address>0x1e27</load_address>
         <run_address>0x1e27</run_address>
         <size>0x6a</size>
         <input_file_ref idref="fl-14"/>
      </object_component>
      <object_component id="oc-127">
         <name>.debug_line</name>
         <load_address>0x1e91</load_address>
         <run_address>0x1e91</run_address>
         <size>0x50</size>
         <input_file_ref idref="fl-15"/>
      </object_component>
      <object_component id="oc-12d">
         <name>.debug_line</name>
         <load_address>0x1ee1</load_address>
         <run_address>0x1ee1</run_address>
         <size>0xe6</size>
         <input_file_ref idref="fl-16"/>
      </object_component>
      <object_component id="oc-133">
         <name>.debug_line</name>
         <load_address>0x1fc7</load_address>
         <run_address>0x1fc7</run_address>
         <size>0x213</size>
         <input_file_ref idref="fl-17"/>
      </object_component>
      <object_component id="oc-138">
         <name>.debug_line</name>
         <load_address>0x21da</load_address>
         <run_address>0x21da</run_address>
         <size>0x57</size>
         <input_file_ref idref="fl-18"/>
      </object_component>
      <object_component id="oc-143">
         <name>.debug_line</name>
         <load_address>0x2231</load_address>
         <run_address>0x2231</run_address>
         <size>0x65</size>
         <input_file_ref idref="fl-1a"/>
      </object_component>
      <object_component id="oc-148">
         <name>.debug_line</name>
         <load_address>0x2296</load_address>
         <run_address>0x2296</run_address>
         <size>0xad</size>
         <input_file_ref idref="fl-1b"/>
      </object_component>
      <object_component id="oc-14d">
         <name>.debug_line</name>
         <load_address>0x2343</load_address>
         <run_address>0x2343</run_address>
         <size>0x62</size>
         <input_file_ref idref="fl-1c"/>
      </object_component>
      <object_component id="oc-152">
         <name>.debug_line</name>
         <load_address>0x23a5</load_address>
         <run_address>0x23a5</run_address>
         <size>0x3e</size>
         <input_file_ref idref="fl-1d"/>
      </object_component>
      <object_component id="oc-158">
         <name>.debug_line</name>
         <load_address>0x23e3</load_address>
         <run_address>0x23e3</run_address>
         <size>0x6e</size>
         <input_file_ref idref="fl-1e"/>
      </object_component>
      <object_component id="oc-15d">
         <name>.debug_line</name>
         <load_address>0x2451</load_address>
         <run_address>0x2451</run_address>
         <size>0x3a</size>
         <input_file_ref idref="fl-1f"/>
      </object_component>
      <object_component id="oc-162">
         <name>.debug_line</name>
         <load_address>0x248b</load_address>
         <run_address>0x248b</run_address>
         <size>0x5e</size>
         <input_file_ref idref="fl-20"/>
      </object_component>
      <object_component id="oc-167">
         <name>.debug_line</name>
         <load_address>0x24e9</load_address>
         <run_address>0x24e9</run_address>
         <size>0x55</size>
         <input_file_ref idref="fl-21"/>
      </object_component>
      <object_component id="oc-16c">
         <name>.debug_line</name>
         <load_address>0x253e</load_address>
         <run_address>0x253e</run_address>
         <size>0x46</size>
         <input_file_ref idref="fl-22"/>
      </object_component>
      <object_component id="oc-82">
         <name>.debug_abbrev</name>
         <load_address>0x0</load_address>
         <run_address>0x0</run_address>
         <size>0x21</size>
         <input_file_ref idref="fl-2"/>
      </object_component>
      <object_component id="oc-88">
         <name>.debug_abbrev</name>
         <load_address>0x21</load_address>
         <run_address>0x21</run_address>
         <size>0xfd</size>
         <input_file_ref idref="fl-3"/>
      </object_component>
      <object_component id="oc-8e">
         <name>.debug_abbrev</name>
         <load_address>0x11e</load_address>
         <run_address>0x11e</run_address>
         <size>0xb6</size>
         <input_file_ref idref="fl-4"/>
      </object_component>
      <object_component id="oc-f2">
         <name>.debug_abbrev</name>
         <load_address>0x1d4</load_address>
         <run_address>0x1d4</run_address>
         <size>0xcb</size>
         <input_file_ref idref="fl-5"/>
      </object_component>
      <object_component id="oc-f6">
         <name>.debug_abbrev</name>
         <load_address>0x29f</load_address>
         <run_address>0x29f</run_address>
         <size>0x191</size>
         <input_file_ref idref="fl-6"/>
      </object_component>
      <object_component id="oc-fb">
         <name>.debug_abbrev</name>
         <load_address>0x430</load_address>
         <run_address>0x430</run_address>
         <size>0xc8</size>
         <input_file_ref idref="fl-7"/>
      </object_component>
      <object_component id="oc-100">
         <name>.debug_abbrev</name>
         <load_address>0x4f8</load_address>
         <run_address>0x4f8</run_address>
         <size>0x116</size>
         <input_file_ref idref="fl-8"/>
      </object_component>
      <object_component id="oc-105">
         <name>.debug_abbrev</name>
         <load_address>0x60e</load_address>
         <run_address>0x60e</run_address>
         <size>0x1ee</size>
         <input_file_ref idref="fl-9"/>
      </object_component>
      <object_component id="oc-10a">
         <name>.debug_abbrev</name>
         <load_address>0x7fc</load_address>
         <run_address>0x7fc</run_address>
         <size>0x2f</size>
         <input_file_ref idref="fl-a"/>
      </object_component>
      <object_component id="oc-110">
         <name>.debug_abbrev</name>
         <load_address>0x82b</load_address>
         <run_address>0x82b</run_address>
         <size>0x151</size>
         <input_file_ref idref="fl-b"/>
      </object_component>
      <object_component id="oc-118">
         <name>.debug_abbrev</name>
         <load_address>0x97c</load_address>
         <run_address>0x97c</run_address>
         <size>0x1aa</size>
         <input_file_ref idref="fl-c"/>
      </object_component>
      <object_component id="oc-11e">
         <name>.debug_abbrev</name>
         <load_address>0xb26</load_address>
         <run_address>0xb26</run_address>
         <size>0x46</size>
         <input_file_ref idref="fl-13"/>
      </object_component>
      <object_component id="oc-123">
         <name>.debug_abbrev</name>
         <load_address>0xb6c</load_address>
         <run_address>0xb6c</run_address>
         <size>0xfa</size>
         <input_file_ref idref="fl-14"/>
      </object_component>
      <object_component id="oc-128">
         <name>.debug_abbrev</name>
         <load_address>0xc66</load_address>
         <run_address>0xc66</run_address>
         <size>0x32</size>
         <input_file_ref idref="fl-15"/>
      </object_component>
      <object_component id="oc-12e">
         <name>.debug_abbrev</name>
         <load_address>0xc98</load_address>
         <run_address>0xc98</run_address>
         <size>0xea</size>
         <input_file_ref idref="fl-16"/>
      </object_component>
      <object_component id="oc-134">
         <name>.debug_abbrev</name>
         <load_address>0xd82</load_address>
         <run_address>0xd82</run_address>
         <size>0xea</size>
         <input_file_ref idref="fl-17"/>
      </object_component>
      <object_component id="oc-139">
         <name>.debug_abbrev</name>
         <load_address>0xe6c</load_address>
         <run_address>0xe6c</run_address>
         <size>0xbd</size>
         <input_file_ref idref="fl-18"/>
      </object_component>
      <object_component id="oc-13e">
         <name>.debug_abbrev</name>
         <load_address>0xf29</load_address>
         <run_address>0xf29</run_address>
         <size>0x31</size>
         <input_file_ref idref="fl-19"/>
      </object_component>
      <object_component id="oc-144">
         <name>.debug_abbrev</name>
         <load_address>0xf5a</load_address>
         <run_address>0xf5a</run_address>
         <size>0x142</size>
         <input_file_ref idref="fl-1a"/>
      </object_component>
      <object_component id="oc-149">
         <name>.debug_abbrev</name>
         <load_address>0x109c</load_address>
         <run_address>0x109c</run_address>
         <size>0x38</size>
         <input_file_ref idref="fl-1b"/>
      </object_component>
      <object_component id="oc-14e">
         <name>.debug_abbrev</name>
         <load_address>0x10d4</load_address>
         <run_address>0x10d4</run_address>
         <size>0xa8</size>
         <input_file_ref idref="fl-1c"/>
      </object_component>
      <object_component id="oc-153">
         <name>.debug_abbrev</name>
         <load_address>0x117c</load_address>
         <run_address>0x117c</run_address>
         <size>0x68</size>
         <input_file_ref idref="fl-1d"/>
      </object_component>
      <object_component id="oc-159">
         <name>.debug_abbrev</name>
         <load_address>0x11e4</load_address>
         <run_address>0x11e4</run_address>
         <size>0xd6</size>
         <input_file_ref idref="fl-1e"/>
      </object_component>
      <object_component id="oc-15e">
         <name>.debug_abbrev</name>
         <load_address>0x12ba</load_address>
         <run_address>0x12ba</run_address>
         <size>0x66</size>
         <input_file_ref idref="fl-1f"/>
      </object_component>
      <object_component id="oc-163">
         <name>.debug_abbrev</name>
         <load_address>0x1320</load_address>
         <run_address>0x1320</run_address>
         <size>0xb2</size>
         <input_file_ref idref="fl-20"/>
      </object_component>
      <object_component id="oc-168">
         <name>.debug_abbrev</name>
         <load_address>0x13d2</load_address>
         <run_address>0x13d2</run_address>
         <size>0xfe</size>
         <input_file_ref idref="fl-21"/>
      </object_component>
      <object_component id="oc-16d">
         <name>.debug_abbrev</name>
         <load_address>0x14d0</load_address>
         <run_address>0x14d0</run_address>
         <size>0xa8</size>
         <input_file_ref idref="fl-22"/>
      </object_component>
      <object_component id="oc-216">
         <name>.debug_abbrev</name>
         <load_address>0x1578</load_address>
         <run_address>0x1578</run_address>
         <size>0xf</size>
      </object_component>
      <object_component id="oc-83">
         <name>.debug_aranges</name>
         <load_address>0x0</load_address>
         <run_address>0x0</run_address>
         <size>0x28</size>
         <input_file_ref idref="fl-2"/>
      </object_component>
      <object_component id="oc-89">
         <name>.debug_aranges</name>
         <load_address>0x28</load_address>
         <run_address>0x28</run_address>
         <size>0x28</size>
         <input_file_ref idref="fl-3"/>
      </object_component>
      <object_component id="oc-8f">
         <name>.debug_aranges</name>
         <load_address>0x50</load_address>
         <run_address>0x50</run_address>
         <size>0x480</size>
         <input_file_ref idref="fl-4"/>
      </object_component>
      <object_component id="oc-f7">
         <name>.debug_aranges</name>
         <load_address>0x4d0</load_address>
         <run_address>0x4d0</run_address>
         <size>0x88</size>
         <input_file_ref idref="fl-6"/>
      </object_component>
      <object_component id="oc-fc">
         <name>.debug_aranges</name>
         <load_address>0x558</load_address>
         <run_address>0x558</run_address>
         <size>0x28</size>
         <input_file_ref idref="fl-7"/>
      </object_component>
      <object_component id="oc-101">
         <name>.debug_aranges</name>
         <load_address>0x580</load_address>
         <run_address>0x580</run_address>
         <size>0x20</size>
         <input_file_ref idref="fl-8"/>
      </object_component>
      <object_component id="oc-106">
         <name>.debug_aranges</name>
         <load_address>0x5a0</load_address>
         <run_address>0x5a0</run_address>
         <size>0xb8</size>
         <input_file_ref idref="fl-9"/>
      </object_component>
      <object_component id="oc-10b">
         <name>.debug_aranges</name>
         <load_address>0x658</load_address>
         <run_address>0x658</run_address>
         <size>0x20</size>
         <input_file_ref idref="fl-a"/>
      </object_component>
      <object_component id="oc-111">
         <name>.debug_aranges</name>
         <load_address>0x678</load_address>
         <run_address>0x678</run_address>
         <size>0x28</size>
         <input_file_ref idref="fl-b"/>
      </object_component>
      <object_component id="oc-119">
         <name>.debug_aranges</name>
         <load_address>0x6a0</load_address>
         <run_address>0x6a0</run_address>
         <size>0x58</size>
         <input_file_ref idref="fl-c"/>
      </object_component>
      <object_component id="oc-11f">
         <name>.debug_aranges</name>
         <load_address>0x6f8</load_address>
         <run_address>0x6f8</run_address>
         <size>0x20</size>
         <input_file_ref idref="fl-13"/>
      </object_component>
      <object_component id="oc-124">
         <name>.debug_aranges</name>
         <load_address>0x718</load_address>
         <run_address>0x718</run_address>
         <size>0x20</size>
         <input_file_ref idref="fl-14"/>
      </object_component>
      <object_component id="oc-129">
         <name>.debug_aranges</name>
         <load_address>0x738</load_address>
         <run_address>0x738</run_address>
         <size>0x20</size>
         <input_file_ref idref="fl-15"/>
      </object_component>
      <object_component id="oc-12f">
         <name>.debug_aranges</name>
         <load_address>0x758</load_address>
         <run_address>0x758</run_address>
         <size>0x20</size>
         <input_file_ref idref="fl-16"/>
      </object_component>
      <object_component id="oc-135">
         <name>.debug_aranges</name>
         <load_address>0x778</load_address>
         <run_address>0x778</run_address>
         <size>0x20</size>
         <input_file_ref idref="fl-17"/>
      </object_component>
      <object_component id="oc-13a">
         <name>.debug_aranges</name>
         <load_address>0x798</load_address>
         <run_address>0x798</run_address>
         <size>0x20</size>
         <input_file_ref idref="fl-18"/>
      </object_component>
      <object_component id="oc-145">
         <name>.debug_aranges</name>
         <load_address>0x7b8</load_address>
         <run_address>0x7b8</run_address>
         <size>0x28</size>
         <input_file_ref idref="fl-1a"/>
      </object_component>
      <object_component id="oc-14a">
         <name>.debug_aranges</name>
         <load_address>0x7e0</load_address>
         <run_address>0x7e0</run_address>
         <size>0x20</size>
         <input_file_ref idref="fl-1b"/>
      </object_component>
      <object_component id="oc-14f">
         <name>.debug_aranges</name>
         <load_address>0x800</load_address>
         <run_address>0x800</run_address>
         <size>0x20</size>
         <input_file_ref idref="fl-1c"/>
      </object_component>
      <object_component id="oc-154">
         <name>.debug_aranges</name>
         <load_address>0x820</load_address>
         <run_address>0x820</run_address>
         <size>0x20</size>
         <input_file_ref idref="fl-1d"/>
      </object_component>
      <object_component id="oc-15a">
         <name>.debug_aranges</name>
         <load_address>0x840</load_address>
         <run_address>0x840</run_address>
         <size>0x20</size>
         <input_file_ref idref="fl-1e"/>
      </object_component>
      <object_component id="oc-15f">
         <name>.debug_aranges</name>
         <load_address>0x860</load_address>
         <run_address>0x860</run_address>
         <size>0x20</size>
         <input_file_ref idref="fl-1f"/>
      </object_component>
      <object_component id="oc-164">
         <name>.debug_aranges</name>
         <load_address>0x880</load_address>
         <run_address>0x880</run_address>
         <size>0x30</size>
         <input_file_ref idref="fl-20"/>
      </object_component>
      <object_component id="oc-169">
         <name>.debug_aranges</name>
         <load_address>0x8b0</load_address>
         <run_address>0x8b0</run_address>
         <size>0x20</size>
         <input_file_ref idref="fl-21"/>
      </object_component>
      <object_component id="oc-16e">
         <name>.debug_aranges</name>
         <load_address>0x8d0</load_address>
         <run_address>0x8d0</run_address>
         <size>0x20</size>
         <input_file_ref idref="fl-22"/>
      </object_component>
      <object_component id="oc-86">
         <name>.debug_frame</name>
         <load_address>0x0</load_address>
         <run_address>0x0</run_address>
         <size>0xbd</size>
         <input_file_ref idref="fl-3"/>
      </object_component>
      <object_component id="oc-8c">
         <name>.debug_frame</name>
         <load_address>0xbd</load_address>
         <run_address>0xbd</run_address>
         <size>0x14f9</size>
         <input_file_ref idref="fl-4"/>
      </object_component>
      <object_component id="oc-f4">
         <name>.debug_frame</name>
         <load_address>0x15b6</load_address>
         <run_address>0x15b6</run_address>
         <size>0x1fc</size>
         <input_file_ref idref="fl-6"/>
      </object_component>
      <object_component id="oc-f9">
         <name>.debug_frame</name>
         <load_address>0x17b2</load_address>
         <run_address>0x17b2</run_address>
         <size>0xb6</size>
         <input_file_ref idref="fl-7"/>
      </object_component>
      <object_component id="oc-fe">
         <name>.debug_frame</name>
         <load_address>0x1868</load_address>
         <run_address>0x1868</run_address>
         <size>0xa7</size>
         <input_file_ref idref="fl-8"/>
      </object_component>
      <object_component id="oc-103">
         <name>.debug_frame</name>
         <load_address>0x190f</load_address>
         <run_address>0x190f</run_address>
         <size>0x245</size>
         <input_file_ref idref="fl-9"/>
      </object_component>
      <object_component id="oc-10e">
         <name>.debug_frame</name>
         <load_address>0x1b54</load_address>
         <run_address>0x1b54</run_address>
         <size>0xc4</size>
         <input_file_ref idref="fl-b"/>
      </object_component>
      <object_component id="oc-116">
         <name>.debug_frame</name>
         <load_address>0x1c18</load_address>
         <run_address>0x1c18</run_address>
         <size>0x23f</size>
         <input_file_ref idref="fl-c"/>
      </object_component>
      <object_component id="oc-121">
         <name>.debug_frame</name>
         <load_address>0x1e57</load_address>
         <run_address>0x1e57</run_address>
         <size>0xba</size>
         <input_file_ref idref="fl-14"/>
      </object_component>
      <object_component id="oc-12c">
         <name>.debug_frame</name>
         <load_address>0x1f11</load_address>
         <run_address>0x1f11</run_address>
         <size>0xb1</size>
         <input_file_ref idref="fl-16"/>
      </object_component>
      <object_component id="oc-132">
         <name>.debug_frame</name>
         <load_address>0x1fc2</load_address>
         <run_address>0x1fc2</run_address>
         <size>0xc4</size>
         <input_file_ref idref="fl-17"/>
      </object_component>
      <object_component id="oc-137">
         <name>.debug_frame</name>
         <load_address>0x2086</load_address>
         <run_address>0x2086</run_address>
         <size>0xa7</size>
         <input_file_ref idref="fl-18"/>
      </object_component>
      <object_component id="oc-142">
         <name>.debug_frame</name>
         <load_address>0x212d</load_address>
         <run_address>0x212d</run_address>
         <size>0xbf</size>
         <input_file_ref idref="fl-1a"/>
      </object_component>
      <object_component id="oc-14c">
         <name>.debug_frame</name>
         <load_address>0x21ec</load_address>
         <run_address>0x21ec</run_address>
         <size>0xa1</size>
         <input_file_ref idref="fl-1c"/>
      </object_component>
      <object_component id="oc-151">
         <name>.debug_frame</name>
         <load_address>0x228d</load_address>
         <run_address>0x228d</run_address>
         <size>0xa1</size>
         <input_file_ref idref="fl-1d"/>
      </object_component>
      <object_component id="oc-157">
         <name>.debug_frame</name>
         <load_address>0x232e</load_address>
         <run_address>0x232e</run_address>
         <size>0xa1</size>
         <input_file_ref idref="fl-1e"/>
      </object_component>
      <object_component id="oc-15c">
         <name>.debug_frame</name>
         <load_address>0x23cf</load_address>
         <run_address>0x23cf</run_address>
         <size>0xa1</size>
         <input_file_ref idref="fl-1f"/>
      </object_component>
      <object_component id="oc-161">
         <name>.debug_frame</name>
         <load_address>0x2470</load_address>
         <run_address>0x2470</run_address>
         <size>0xcb</size>
         <input_file_ref idref="fl-20"/>
      </object_component>
      <object_component id="oc-166">
         <name>.debug_frame</name>
         <load_address>0x253b</load_address>
         <run_address>0x253b</run_address>
         <size>0xa1</size>
         <input_file_ref idref="fl-21"/>
      </object_component>
      <object_component id="oc-16b">
         <name>.debug_frame</name>
         <load_address>0x25dc</load_address>
         <run_address>0x25dc</run_address>
         <size>0xa1</size>
         <input_file_ref idref="fl-22"/>
      </object_component>
   </object_component_list>
   <logical_group_list>
      <logical_group id="lg-2" display="no" color="cyan">
         <name>.cinit</name>
         <load_address>0x82000</load_address>
         <run_address>0x82000</run_address>
         <size>0x29</size>
         <contents>
            <object_component_ref idref="oc-140"/>
            <object_component_ref idref="oc-113"/>
            <object_component_ref idref="oc-179"/>
            <object_component_ref idref="oc-188"/>
            <object_component_ref idref="oc-13c"/>
         </contents>
      </logical_group>
      <logical_group id="lg-3" display="no" color="cyan">
         <name>.pinit</name>
         <run_address>0x0</run_address>
         <size>0x0</size>
         <contents>
         </contents>
      </logical_group>
      <logical_group id="lg-212" display="no" color="cyan">
         <name>.text</name>
         <load_address>0x8202c</load_address>
         <run_address>0x8202c</run_address>
         <size>0x1ede</size>
         <contents>
            <object_component_ref idref="oc-115"/>
            <object_component_ref idref="oc-8b"/>
            <object_component_ref idref="oc-177"/>
            <object_component_ref idref="oc-175"/>
            <object_component_ref idref="oc-182"/>
            <object_component_ref idref="oc-183"/>
            <object_component_ref idref="oc-176"/>
            <object_component_ref idref="oc-174"/>
            <object_component_ref idref="oc-146"/>
            <object_component_ref idref="oc-186"/>
            <object_component_ref idref="oc-17e"/>
            <object_component_ref idref="oc-7d"/>
            <object_component_ref idref="oc-170"/>
            <object_component_ref idref="oc-173"/>
            <object_component_ref idref="oc-184"/>
            <object_component_ref idref="oc-185"/>
            <object_component_ref idref="oc-171"/>
            <object_component_ref idref="oc-17a"/>
            <object_component_ref idref="oc-18a"/>
            <object_component_ref idref="oc-125"/>
            <object_component_ref idref="oc-172"/>
            <object_component_ref idref="oc-189"/>
            <object_component_ref idref="oc-187"/>
            <object_component_ref idref="oc-7e"/>
            <object_component_ref idref="oc-16f"/>
         </contents>
      </logical_group>
      <split_section id="lg-4" display="no" color="cyan">
         <name>.text</name>
         <contents>
            <logical_group_ref idref="lg-212"/>
         </contents>
      </split_section>
      <logical_group id="lg-5" display="no" color="cyan">
         <name>codestart</name>
         <load_address>0x80000</load_address>
         <run_address>0x80000</run_address>
         <size>0x2</size>
         <contents>
            <object_component_ref idref="oc-7f"/>
         </contents>
      </logical_group>
      <logical_group id="lg-6" display="no" color="cyan">
         <name>ramfuncs</name>
         <load_address>0x86000</load_address>
         <run_address>0x8000</run_address>
         <size>0x4e</size>
         <contents>
            <object_component_ref idref="oc-18b"/>
            <object_component_ref idref="oc-107"/>
         </contents>
      </logical_group>
      <logical_group id="lg-7" display="no" color="cyan">
         <name>.stack</name>
         <run_address>0x400</run_address>
         <size>0x100</size>
         <contents>
            <object_component_ref idref="oc-11a"/>
            <object_component_ref idref="oc-211"/>
         </contents>
      </logical_group>
      <logical_group id="lg-213" display="no" color="cyan">
         <name>.ebss</name>
         <run_address>0xa800</run_address>
         <size>0x1e5</size>
         <contents>
            <object_component_ref idref="oc-114"/>
            <object_component_ref idref="oc-85"/>
            <object_component_ref idref="oc-141"/>
            <object_component_ref idref="oc-10d"/>
            <object_component_ref idref="oc-178"/>
[...]
         <value>0xa960</value>
         <object_component_ref idref="oc-114"/>
      </symbol>
      <symbol id="sm-4a0">
         <name>_bFrictionComp</name>
         <value>0xa80f</value>
         <object_component_ref idref="oc-114"/>
      </symbol>
      <symbol id="sm-4a1">
         <name>_test_Rev_BufB</name>
         <value>0xa9a0</value>
         <object_component_ref idref="oc-114"/>
      </symbol>
      <symbol id="sm-4a2">
         <name>_fPushCalib</name>
         <value>0xa83e</value>
         <object_component_ref idref="oc-114"/>
      </symbol>
      <symbol id="sm-4a3">
         <name>_bHandShake</name>
         <value>0xa813</value>
         <object_component_ref idref="oc-114"/>
      </symbol>
      <symbol id="sm-4a4">
         <name>_scibRxFifoIsr</name>
         <value>0x82840</value>
         <object_component_ref idref="oc-115"/>
      </symbol>
      <symbol id="sm-4a5">
         <name>_PositionCounter</name>
         <value>0xa872</value>
         <object_component_ref idref="oc-114"/>
      </symbol>
      <symbol id="sm-4a6">
         <name>_bNextTx</name>
         <value>0xa800</value>
         <object_component_ref idref="oc-114"/>
      </symbol>
      <symbol id="sm-4a7">
         <name>_fMoveDuringButton</name>
         <value>0xa852</value>
         <object_component_ref idref="oc-114"/>
      </symbol>
      <symbol id="sm-4a8">
         <name>_xa</name>
         <value>0xa812</value>
         <object_component_ref idref="oc-114"/>
      </symbol>
      <symbol id="sm-4a9">
         <name>_fSlavePos</name>
         <value>0xa846</value>
         <object_component_ref idref="oc-114"/>
      </symbol>
      <symbol id="sm-4aa">
         <name>_MasterTorqueTest</name>
         <value>0xa824</value>
         <object_component_ref idref="oc-114"/>
      </symbol>
      <symbol id="sm-4ab">
         <name>_fSL_UnderX</name>
         <value>0xa83a</value>
         <object_component_ref idref="oc-114"/>
      </symbol>
      <symbol id="sm-4ac">
         <name>_RotateAngleUnit</name>
         <value>0xa87a</value>
         <object_component_ref idref="oc-114"/>
      </symbol>
      <symbol id="sm-4ad">
         <name>_fMA_Error</name>
         <value>0xa86e</value>
         <object_component_ref idref="oc-114"/>
      </symbol>
      <symbol id="sm-4ae">
         <name>_fMotorTorque</name>
         <value>0xa862</value>
         <object_component_ref idref="oc-114"/>
      </symbol>
      <symbol id="sm-4af">
         <name>_fG_Ia</name>
         <value>0xa84a</value>
         <object_component_ref idref="oc-114"/>
      </symbol>
      <symbol id="sm-4b0">
         <name>_RxBuffB</name>
         <value>0xa8cc</value>
         <object_component_ref idref="oc-114"/>
      </symbol>
      <symbol id="sm-4b1">
         <name>_RxBuffA</name>
         <value>0xa8ec</value>
         <object_component_ref idref="oc-114"/>
      </symbol>
      <symbol id="sm-4b2">
         <name>_sciaRxFifoIsr</name>
         <value>0x826da</value>
         <object_component_ref idref="oc-115"/>
      </symbol>
      <symbol id="sm-4b3">
         <name>_fMA_PID_OP</name>
         <value>0xa888</value>
         <object_component_ref idref="oc-114"/>
      </symbol>
      <symbol id="sm-4b4">
         <name>_cpu_timer0_isr</name>
         <value>0x8202c</value>
         <object_component_ref idref="oc-115"/>
      </symbol>
      <symbol id="sm-4b5">
         <name>_Timer_Prd</name>
         <value>0xa830</value>
         <object_component_ref idref="oc-114"/>
      </symbol>
      <symbol id="sm-4b6">
         <name>_fpreVel</name>
         <value>0xa89c</value>
         <object_component_ref idref="oc-114"/>
      </symbol>
      <symbol id="sm-4b7">
         <name>_RotateAngleDegree</name>
         <value>0xa884</value>
         <object_component_ref idref="oc-114"/>
      </symbol>
      <symbol id="sm-4b8">
         <name>_SCI_RxFlag</name>
         <value>0xa805</value>
         <object_component_ref idref="oc-114"/>
      </symbol>
      <symbol id="sm-4b9">
         <name>_fvs</name>
         <value>0xa81e</value>
         <object_component_ref idref="oc-114"/>
      </symbol>
      <symbol id="sm-4ba">
         <name>_fMasterTorqueMagnitude</name>
         <value>0xa832</value>
         <object_component_ref idref="oc-114"/>
      </symbol>
      <symbol id="sm-4bb">
         <name>_RotateDirection</name>
         <value>0xa880</value>
         <object_component_ref idref="oc-114"/>
      </symbol>
      <symbol id="sm-4bc">
         <name>_bStopMotorControl</name>
         <value>0xa804</value>
         <object_component_ref idref="oc-114"/>
      </symbol>
      <symbol id="sm-4bd">
         <name>_fCurrentPos</name>
         <value>0xa8b0</value>
         <object_component_ref idref="oc-114"/>
      </symbol>
      <symbol id="sm-4be">
         <name>_ZeroTorque</name>
         <value>0xa816</value>
         <object_component_ref idref="oc-114"/>
      </symbol>
      <symbol id="sm-4bf">
         <name>_TestDataA</name>
         <value>0xa811</value>
         <object_component_ref idref="oc-114"/>
      </symbol>
      <symbol id="sm-4c0">
         <name>_TestDataB</name>
         <value>0xa810</value>
         <object_component_ref idref="oc-114"/>
      </symbol>
      <symbol id="sm-4c1">
         <name>_fMA_PID_Ki</name>
         <value>0xa890</value>
         <object_component_ref idref="oc-114"/>
      </symbol>
      <symbol id="sm-4c2">
         <name>_SCIB_RxFlag</name>
         <value>0xa806</value>
         <object_component_ref idref="oc-114"/>
      </symbol>
      <symbol id="sm-4c3">
         <name>_fMA_PID_Kd</name>
         <value>0xa894</value>
         <object_component_ref idref="oc-114"/>
      </symbol>
      <symbol id="sm-4c4">
         <name>_fMA_PID_Kp</name>
         <value>0xa84e</value>
         <object_component_ref idref="oc-114"/>
      </symbol>
      <symbol id="sm-4c5">
         <name>_fMA_PreError</name>
         <value>0xa85e</value>
         <object_component_ref idref="oc-114"/>
      </symbol>
      <symbol id="sm-4c6">
         <name>_MasterForce</name>
         <value>0xa8a0</value>
         <object_component_ref idref="oc-114"/>
      </symbol>
      <symbol id="sm-4c7">
         <name>_fKt</name>
         <value>0xa866</value>
         <object_component_ref idref="oc-114"/>
      </symbol>
      <symbol id="sm-4c8">
         <name>_TxBuffB</name>
         <value>0xa8dc</value>
         <object_component_ref idref="oc-114"/>
      </symbol>
      <symbol id="sm-4c9">
         <name>_TxBuffA</name>
         <value>0xa910</value>
         <object_component_ref idref="oc-114"/>
      </symbol>
      <symbol id="sm-4ca">
         <name>_bMotorRun</name>
         <value>0xa80e</value>
         <object_component_ref idref="oc-114"/>
      </symbol>
      <symbol id="sm-4cb">
         <name>_fprePos</name>
         <value>0xa8bc</value>
         <object_component_ref idref="oc-114"/>
      </symbol>
      <symbol id="sm-4cc">
         <name>_RxFifoLevel</name>
         <value>0xa807</value>
         <object_component_ref idref="oc-114"/>
      </symbol>
      <symbol id="sm-4cd">
         <name>_NumOfTurns</name>
         <value>0xa826</value>
         <object_component_ref idref="oc-114"/>
      </symbol>
      <symbol id="sm-4ce">
         <name>_fMasterTorqueDirection</name>
         <value>0xa836</value>
         <object_component_ref idref="oc-114"/>
      </symbol>
      <symbol id="sm-4cf">
         <name>_TxFifoLevel</name>
         <value>0xa819</value>
         <object_component_ref idref="oc-114"/>
      </symbol>
      <symbol id="sm-4d0">
         <name>_fTempTxBuf</name>
         <value>0xa900</value>
         <object_component_ref idref="oc-114"/>
      </symbol>
      <symbol id="sm-4d1">
         <name>_fb</name>
         <value>0xa856</value>
         <object_component_ref idref="oc-114"/>
      </symbol>
      <symbol id="sm-4d2">
         <name>_fa</name>
         <value>0xa842</value>
         <object_component_ref idref="oc-114"/>
      </symbol>
      <symbol id="sm-4d3">
         <name>_lLimit</name>
         <value>0xa834</value>
         <object_component_ref idref="oc-114"/>
      </symbol>
      <symbol id="sm-4d4">
         <name>_fTransRad</name>
         <value>0xa828</value>
         <object_component_ref idref="oc-114"/>
      </symbol>
      <symbol id="sm-4d5">
         <name>_test_BufB</name>
         <value>0xa980</value>
         <object_component_ref idref="oc-114"/>
      </symbol>
      <symbol id="sm-4d6">
         <name>_BackTicker</name>
         <value>0xa80a</value>
         <object_component_ref idref="oc-114"/>
      </symbol>
      <symbol id="sm-4d7">
         <name>_rLimit</name>
         <value>0xa82c</value>
         <object_component_ref idref="oc-114"/>
      </symbol>
      <symbol id="sm-4d8">
         <name>_Tx_cnt</name>
         <value>0xa803</value>
         <object_component_ref idref="oc-114"/>
      </symbol>
      <symbol id="sm-4d9">
         <name>_fPos_JustBeforeButton</name>
         <value>0xa8a4</value>
         <object_component_ref idref="oc-114"/>
      </symbol>
      <symbol id="sm-4da">
         <name>_fControl_Time</name>
         <value>0xa82e</value>
         <object_component_ref idref="oc-114"/>
      </symbol>
      <symbol id="sm-4db">
         <name>_SlavePos</name>
         <value>0xa86a</value>
         <object_component_ref idref="oc-114"/>
      </symbol>
      <symbol id="sm-4dc">
         <name>_fFrictionCompForce</name>
         <value>0xa81a</value>
         <object_component_ref idref="oc-114"/>
      </symbol>
      <symbol id="sm-4dd">
         <name>_scia_fifo_init</name>
         <value>0x831a5</value>
         <object_component_ref idref="oc-177"/>
      </symbol>
      <symbol id="sm-4de">
         <name>_scib_fifo_init</name>
         <value>0x8318a</value>
         <object_component_ref idref="oc-177"/>
      </symbol>
      <symbol id="sm-4df">
         <name>_RotateAngleRad</name>
         <value>0xa8b4</value>
         <object_component_ref idref="oc-114"/>
      </symbol>
      <symbol id="sm-4e0">
         <name>_fPullCalib</name>
         <value>0xa83c</value>
         <object_component_ref idref="oc-114"/>
      </symbol>
      <symbol id="sm-4e1">
         <name>_PositionMax</name>
         <value>0xa876</value>
         <object_component_ref idref="oc-114"/>
      </symbol>
      <symbol id="sm-4e2">
         <name>_bMotorEnable</name>
         <value>0xa818</value>
         <object_component_ref idref="oc-114"/>
      </symbol>
      <symbol id="sm-4e3">
         <name>_button1</name>
         <value>0xa80b</value>
         <object_component_ref idref="oc-114"/>
      </symbol>
      <symbol id="sm-4e4">
         <name>_button2</name>
         <value>0xa80d</value>
         <object_component_ref idref="oc-114"/>
      </symbol>
      <symbol id="sm-4e5">
         <name>_fArcGain</name>
         <value>0xa82a</value>
         <object_component_ref idref="oc-114"/>
      </symbol>
      <symbol id="sm-4e6">
         <name>_fTrans_Force</name>
         <value>0xa822</value>
         <object_component_ref idref="oc-114"/>
      </symbol>
      <symbol id="sm-4e7">
         <name>_fSCI_TxIndex</name>
         <value>0xa840</value>
         <object_component_ref idref="oc-114"/>
      </symbol>
      <symbol id="sm-4e8">
         <name>_fa2</name>
         <value>0xa838</value>
         <object_component_ref idref="oc-114"/>
      </symbol>
      <symbol id="sm-4e9">
         <name>_fa1</name>
         <value>0xa81c</value>
         <object_component_ref idref="oc-114"/>
      </symbol>
      <symbol id="sm-4ea">
         <name>_fa0</name>
         <value>0xa820</value>
         <object_component_ref idref="oc-114"/>
      </symbol>
      <symbol id="sm-4eb">
         <name>_fCurrentAccel</name>
         <value>0xa8c0</value>
         <object_component_ref idref="oc-114"/>
      </symbol>
      <symbol id="sm-4ec">
         <name>_fMasterForce</name>
         <value>0xa898</value>
         <object_component_ref idref="oc-114"/>
      </symbol>
      <symbol id="sm-4ed">
         <name>_InitEQep1</name>
         <value>0x8315c</value>
         <object_component_ref idref="oc-177"/>
      </symbol>
      <symbol id="sm-4ee">
         <name>_InitEQep2</name>
         <value>0x83173</value>
         <object_component_ref idref="oc-177"/>
      </symbol>
      <symbol id="sm-4ef">
         <name>_i</name>
         <value>0xa809</value>
         <object_component_ref idref="oc-114"/>
      </symbol>
      <symbol id="sm-4f0">
         <name>_bStartMotorControl</name>
         <value>0xa802</value>
         <object_component_ref idref="oc-114"/>
      </symbol>
      <symbol id="sm-4f1">
         <name>_fMA_AccError</name>
         <value>0xa85a</value>
         <object_component_ref idref="oc-114"/>
      </symbol>
      <symbol id="sm-4f2">
         <name>_test_Buf</name>
         <value>0xa920</value>
         <object_component_ref idref="oc-114"/>
      </symbol>
      <symbol id="sm-4f3">
         <name>_fCurrentVel</name>
         <value>0xa8b8</value>
         <object_component_ref idref="oc-114"/>
      </symbol>
      <symbol id="sm-4f4">
         <name>_fCurrentPos_ToSend</name>
         <value>0xa8a8</value>
         <object_component_ref idref="oc-114"/>
      </symbol>
      <symbol id="sm-4f5">
         <name>_fSL_CurrentPos</name>
         <value>0xa88c</value>
         <object_component_ref idref="oc-114"/>
      </symbol>
      <symbol id="sm-4f6">
         <name>_bMasterTwistPosCont</name>
         <value>0xa815</value>
         <object_component_ref idref="oc-114"/>
      </symbol>
      <symbol id="sm-4f7">
         <name>_bSwitch</name>
         <value>0xa80c</value>
         <object_component_ref idref="oc-114"/>
      </symbol>
      <symbol id="sm-4f8">
         <name>_bInput_TouchSW</name>
         <value>0xa814</value>
         <object_component_ref idref="oc-114"/>
      </symbol>
      <symbol id="sm-4f9">
         <name>_fMA_ChangeError</name>
         <value>0xa8ac</value>
         <object_component_ref idref="oc-114"/>
      </symbol>
      <symbol id="sm-4fa">
         <name>_tBuf</name>
         <value>0xa940</value>
         <object_component_ref idref="oc-114"/>
      </symbol>
      <symbol id="sm-517">
         <name>_c_int00</name>
         <value>0x83d5c</value>
         <object_component_ref idref="oc-7d"/>
      </symbol>
      <symbol id="sm-518">
         <name>__stack</name>
         <value>0x400</value>
         <object_component_ref idref="oc-11a"/>
      </symbol>
      <symbol id="sm-52e">
         <name>_copy_in</name>
         <value>0x83db2</value>
         <object_component_ref idref="oc-170"/>
      </symbol>
      <symbol id="sm-53d">
         <name>_ppcopy</name>
         <value>0x83eb3</value>
         <object_component_ref idref="oc-125"/>
      </symbol>
      <symbol id="sm-53e">
         <name>_dpcopy</name>
         <value>0x83eb3</value>
         <object_component_ref idref="oc-125"/>
      </symbol>
      <symbol id="sm-53f">
         <name>_pdcopy</name>
         <value>0x83eb3</value>
         <object_component_ref idref="oc-125"/>
      </symbol>
      <symbol id="sm-540">
         <name>_ddcopy</name>
         <value>0x83eb3</value>
         <object_component_ref idref="oc-125"/>
      </symbol>
      <symbol id="sm-56f">
         <name>_exp</name>
         <value>0x83a38</value>
         <object_component_ref idref="oc-176"/>
      </symbol>
      <symbol id="sm-570">
         <name>_expf</name>
         <value>0x83a38</value>
         <object_component_ref idref="oc-176"/>
      </symbol>
      <symbol id="sm-5ca">
         <name>_powf</name>
         <value>0x831c0</value>
         <object_component_ref idref="oc-175"/>
      </symbol>
      <symbol id="sm-5cb">
         <name>_pow</name>
         <value>0x831c0</value>
         <object_component_ref idref="oc-175"/>
      </symbol>
      <symbol id="sm-5dc">
         <name>_sqrtf</name>
         <value>0x83e70</value>
         <object_component_ref idref="oc-17a"/>
      </symbol>
      <symbol id="sm-5dd">
         <name>_sqrt</name>
         <value>0x83e70</value>
         <object_component_ref idref="oc-17a"/>
      </symbol>
      <symbol id="sm-5e8">
         <name>_errno</name>
         <value>0xa9e4</value>
         <object_component_ref idref="oc-13d"/>
      </symbol>
      <symbol id="sm-5fd">
         <name>C$$EXIT</name>
         <value>0x83df8</value>
         <object_component_ref idref="oc-173"/>
      </symbol>
      <symbol id="sm-5fe">
         <name>_exit</name>
         <value>0x83dfa</value>
         <object_component_ref idref="oc-173"/>
      </symbol>
      <symbol id="sm-5ff">
         <name>___TI_cleanup_ptr</name>
         <value>0xa9da</value>
         <object_component_ref idref="oc-141"/>
      </symbol>
      <symbol id="sm-600">
         <name>___TI_enable_exit_profile_output</name>
         <value>0xa9d8</value>
         <object_component_ref idref="oc-141"/>
      </symbol>
      <symbol id="sm-601">
         <name>_abort</name>
         <value>0x83df8</value>
         <object_component_ref idref="oc-173"/>
      </symbol>
      <symbol id="sm-602">
         <name>___TI_dtors_ptr</name>
         <value>0xa9dc</value>
         <object_component_ref idref="oc-141"/>
      </symbol>
      <symbol id="sm-613">
         <name>FS$$DIV</name>
         <value>0x83bf2</value>
         <object_component_ref idref="oc-146"/>
      </symbol>
      <symbol id="sm-625">
         <name>_memcpy</name>
         <value>0x83e95</value>
         <object_component_ref idref="oc-18a"/>
      </symbol>
      <symbol id="sm-632">
         <name>__system_pre_init</name>
         <value>0x83f08</value>
         <object_component_ref idref="oc-16f"/>
      </symbol>
      <symbol id="sm-64a">
         <name>_scalbn</name>
         <value>0x83cf5</value>
         <object_component_ref idref="oc-17e"/>
      </symbol>
      <symbol id="sm-64b">
         <name>_ldexp</name>
         <value>0x83cf5</value>
         <object_component_ref idref="oc-17e"/>
      </symbol>
      <symbol id="sm-64c">
         <name>_scalbnf</name>
         <value>0x83cf5</value>
         <object_component_ref idref="oc-17e"/>
      </symbol>
      <symbol id="sm-64d">
         <name>_ldexpf</name>
         <value>0x83cf5</value>
         <object_component_ref idref="oc-17e"/>
      </symbol>
      <symbol id="sm-65a">
         <name>__system_post_cinit</name>
         <value>0x83e6f</value>
         <object_component_ref idref="oc-171"/>
      </symbol>
      <symbol id="sm-66f">
         <name>__unlock</name>
         <value>0xa9e2</value>
         <object_component_ref idref="oc-18d"/>
      </symbol>
      <symbol id="sm-670">
         <name>__lock</name>
         <value>0xa9e0</value>
         <object_component_ref idref="oc-178"/>
      </symbol>
      <symbol id="sm-671">
         <name>__register_lock</name>
         <value>0x83efb</value>
         <object_component_ref idref="oc-187"/>
      </symbol>
      <symbol id="sm-672">
         <name>__nop</name>
         <value>0x83eff</value>
         <object_component_ref idref="oc-187"/>
      </symbol>
      <symbol id="sm-673">
         <name>__register_unlock</name>
         <value>0x83ef7</value>
         <object_component_ref idref="oc-187"/>
      </symbol>
      <symbol id="sm-683">
         <name>__args_main</name>
         <value>0x83ecd</value>
         <object_component_ref idref="oc-172"/>
      </symbol>
      <symbol id="sm-690">
         <name>_copysignf</name>
         <value>0x83ee6</value>
         <object_component_ref idref="oc-189"/>
      </symbol>
      <symbol id="sm-691">
         <name>_copysign</name>
         <value>0x83ee6</value>
         <object_component_ref idref="oc-189"/>
      </symbol>
   </symbol_table>
   <title>Link successful</title>
</link_info>
